{
  "all_passed": true,
  "checks": {
    "frozen_capsule_hash": true,
    "frozen_corpus_hash": true,
    "manifest_schema_static": true,
    "mutation_plan_64": true,
    "negative_safety_selftests": true,
    "profile_and_mutation_selftests": true,
    "python_source_compiles": true,
    "static_command_audit": true,
    "transaction_ids_unique": true,
    "transactions_exactly_104": true,
    "zero_hardware_commands_executed": true
  },
  "checks_passed": 11,
  "checks_total": 11,
  "claim_boundary": "static preparation and input validation only; no TPM device was contacted and no hardware result exists",
  "hardware_commands_executed": false,
  "manifest_schema_audit": {
    "additional_properties_false": true,
    "all_passed": true,
    "draft_2020_12": true,
    "required_fields_exact": true,
    "schema_sha256": "cbc8991b0deb373cf2f4e13b95f8d94cba2c5f4965617a0f981bf858736b13ae"
  },
  "mutation_plan": {
    "expected_cases": 64,
    "mutations": [
      "quote_message_flip",
      "signature_flip",
      "pcr_blob_flip",
      "challenge_replay",
      "transaction_substitution",
      "corpus_hash_substitution",
      "capsule_hash_substitution",
      "qualifying_data_representation"
    ],
    "representative_transaction_ids": [
      "CUBE_000",
      "F_correct_replayed_supported",
      "F_stale_good_point_only",
      "F_substituted_replayed_profile_mismatch",
      "PATH_D2_signature_invalid_second_edge",
      "XLB_CONTROL_window_upper_two_hop",
      "XLJ_EM_replayed_point_only",
      "XLJ_PM_version_only_unsupported"
    ],
    "sha256": "0338ceaea4b25198a6b37593ce1fda36e63d1c5f332fa722707c9732be622fc4"
  },
  "negative_safety_selftests": {
    "all_passed": true,
    "checks": {
      "reject_executable:tpm2_changeauth": true,
      "reject_executable:tpm2_clear": true,
      "reject_executable:tpm2_clearcontrol": true,
      "reject_executable:tpm2_dictionarylockout": true,
      "reject_executable:tpm2_evictcontrol": true,
      "reject_executable:tpm2_hierarchycontrol": true,
      "reject_executable:tpm2_nvwrite": true,
      "reject_executable:tpm2_pcrextend": true,
      "reject_executable:tpm2_pcrreset": true,
      "reject_executable:tpm2_setprimarypolicy": true,
      "reject_executable:tpm2_shutdown": true,
      "reject_executable:tpm2_startup": true,
      "reject_flush_all_transient": true,
      "reject_persistent_handle": true,
      "reject_private_ak_export": true,
      "reject_private_blob_outside_run_work": true,
      "synthetic_forbidden_ast_call_detected": true
    },
    "checks_passed": 17,
    "checks_total": 17,
    "external_commands_executed": false
  },
  "preflight": "subject-bound-hardware-tpm-companion-preflight-v1",
  "profile_and_mutation_selftests": {
    "all_passed": true,
    "checks": {
      "all_eight_mutation_builders_change_only_copy": true,
      "qualifying_data_hex_width": true,
      "qualifying_data_unique_104": true,
      "transcripts_unique_104": true
    },
    "checks_passed": 4,
    "checks_total": 4,
    "external_commands_executed": false,
    "mutation_checks": {
      "capsule_hash_substitution": true,
      "challenge_replay": true,
      "corpus_hash_substitution": true,
      "pcr_blob_flip": true,
      "qualifying_data_representation": true,
      "quote_message_flip": true,
      "signature_flip": true,
      "transaction_substitution": true
    }
  },
  "source": {
    "capsule_sha256": "8c8919f9826381da289b73dfd35721938ad5aafea5cd3687b23187589a2d0386",
    "corpus": "masters-thesis-radar/research-factory-v4-2026-07-27/labs/composed-transaction-corpus/corpus.json",
    "corpus_sha256": "1ba6d40d07e62a862b98ec52ab5c189eb491f19e4e1e69a411fba73bbb9a43a8",
    "transactions": 104
  },
  "static_command_audit": {
    "all_passed": true,
    "allowlisted_executables": [
      "tpm2_checkquote",
      "tpm2_create",
      "tpm2_createak",
      "tpm2_createprimary",
      "tpm2_flushcontext",
      "tpm2_getcap",
      "tpm2_load",
      "tpm2_quote",
      "tpm2_readpublic"
    ],
    "direct_subprocess_calls_outside_wrapper": [],
    "forbidden_executables": [
      "tpm2_changeauth",
      "tpm2_clear",
      "tpm2_clearcontrol",
      "tpm2_dictionarylockout",
      "tpm2_evictcontrol",
      "tpm2_hierarchycontrol",
      "tpm2_pcrextend",
      "tpm2_pcrreset",
      "tpm2_setprimarypolicy",
      "tpm2_shutdown",
      "tpm2_startup"
    ],
    "forbidden_prefixes": [
      "tpm2_nv"
    ],
    "forbidden_run_tpm_calls": [],
    "invalid_run_tpm_calls": [],
    "run_tpm_call_sites": [
      {
        "enclosing_function": "verify_public_vector",
        "executable": "tpm2_checkquote",
        "line": 779
      },
      {
        "enclosing_function": "execute_hardware",
        "executable": "tpm2_quote",
        "line": 944
      },
      {
        "enclosing_function": "execute_hardware",
        "executable": "tpm2_getcap",
        "line": 954
      },
      {
        "enclosing_function": "execute_hardware",
        "executable": "tpm2_getcap",
        "line": 965
      },
      {
        "enclosing_function": "execute_hardware",
        "executable": "tpm2_getcap",
        "line": 978
      },
      {
        "enclosing_function": "execute_hardware",
        "executable": "tpm2_createprimary",
        "line": 991
      },
      {
        "enclosing_function": "execute_hardware",
        "executable": "tpm2_readpublic",
        "line": 1016
      },
      {
        "enclosing_function": "execute_hardware",
        "executable": "tpm2_createak",
        "line": 1036
      },
      {
        "enclosing_function": "execute_hardware",
        "executable": "tpm2_create",
        "line": 1066
      },
      {
        "enclosing_function": "execute_hardware",
        "executable": "tpm2_load",
        "line": 1091
      },
      {
        "enclosing_function": "execute_hardware",
        "executable": "tpm2_readpublic",
        "line": 1111
      },
      {
        "enclosing_function": "execute_hardware",
        "executable": "tpm2_quote",
        "line": 1161
      },
      {
        "enclosing_function": "execute_hardware",
        "executable": "tpm2_flushcontext",
        "line": 1325
      },
      {
        "enclosing_function": "execute_hardware",
        "executable": "tpm2_flushcontext",
        "line": 1339
      },
      {
        "enclosing_function": "execute_hardware",
        "executable": "tpm2_getcap",
        "line": 1351
      },
      {
        "enclosing_function": "execute_hardware",
        "executable": "tpm2_getcap",
        "line": 1361
      }
    ],
    "shell_tpm_tokens": [],
    "source_sha256": "0a5060b9fe007acad26ecc0ab2696a830c45ad3ebd43fa1766e56fb84561d983"
  },
  "status": "PREPARATION_ONLY_NO_HARDWARE_RUN",
  "tool_presence_not_execution": {
    "tpm2_checkquote": "/usr/bin/tpm2_checkquote",
    "tpm2_create": "/usr/bin/tpm2_create",
    "tpm2_createak": "/usr/bin/tpm2_createak",
    "tpm2_createprimary": "/usr/bin/tpm2_createprimary",
    "tpm2_flushcontext": "/usr/bin/tpm2_flushcontext",
    "tpm2_getcap": "/usr/bin/tpm2_getcap",
    "tpm2_load": "/usr/bin/tpm2_load",
    "tpm2_quote": "/usr/bin/tpm2_quote",
    "tpm2_readpublic": "/usr/bin/tpm2_readpublic"
  }
}
preflight SHA256SUMS: /tmp/tyche-host-A-r6.2TUbai/evidence/tpm-final-preflight/SHA256SUMS
