.github/workflows/public-four-lane-replay.yml: OK
CITATION.cff: OK
LICENSE.md: OK
LICENSES/Apache-2.0.txt: OK
PUBLIC-INCLUSION-EXCLUSION-LEDGER.json: OK
PUBLIC-SOURCE-ALLOWLIST.txt: OK
README.md: OK
a2a-boundary-seal/results/extension-enabled/agent-card.json: OK
a2a-boundary-seal/results/extension-enabled/send-message.json: OK
codemeta.json: OK
evidence/hosted-x64-arm64-2026-07-28/LEGACY-CLAIM-CORRECTION.md: OK
evidence/hosted-x64-arm64-2026-07-28/README.md: OK
evidence/hosted-x64-arm64-2026-07-28/github-run-30346942512/SHA256SUMS-ALL: OK
evidence/hosted-x64-arm64-2026-07-28/github-run-30346942512/second-host-evidence-arm64/CLAIM-BOUNDARY.txt: OK
evidence/hosted-x64-arm64-2026-07-28/github-run-30346942512/second-host-evidence-arm64/EVIDENCE-SHA256SUMS: OK
evidence/hosted-x64-arm64-2026-07-28/github-run-30346942512/second-host-evidence-arm64/capsule-verification.json: OK
evidence/hosted-x64-arm64-2026-07-28/github-run-30346942512/second-host-evidence-arm64/composed-corpus.log: OK
evidence/hosted-x64-arm64-2026-07-28/github-run-30346942512/second-host-evidence-arm64/dependencies.json: OK
evidence/hosted-x64-arm64-2026-07-28/github-run-30346942512/second-host-evidence-arm64/durable-revocation.log: OK
evidence/hosted-x64-arm64-2026-07-28/github-run-30346942512/second-host-evidence-arm64/environment.json: OK
evidence/hosted-x64-arm64-2026-07-28/github-run-30346942512/second-host-evidence-arm64/policy-replay.log: OK
evidence/hosted-x64-arm64-2026-07-28/github-run-30346942512/second-host-evidence-arm64/release-overlay.json: OK
evidence/hosted-x64-arm64-2026-07-28/github-run-30346942512/second-host-evidence-arm64/result-sha256.txt: OK
evidence/hosted-x64-arm64-2026-07-28/github-run-30346942512/second-host-evidence-arm64/semantic-contract.json: OK
evidence/hosted-x64-arm64-2026-07-28/github-run-30346942512/second-host-evidence-arm64/typed-transfer.log: OK
evidence/hosted-x64-arm64-2026-07-28/github-run-30346942512/second-host-evidence-x64/CLAIM-BOUNDARY.txt: OK
evidence/hosted-x64-arm64-2026-07-28/github-run-30346942512/second-host-evidence-x64/EVIDENCE-SHA256SUMS: OK
evidence/hosted-x64-arm64-2026-07-28/github-run-30346942512/second-host-evidence-x64/capsule-verification.json: OK
evidence/hosted-x64-arm64-2026-07-28/github-run-30346942512/second-host-evidence-x64/composed-corpus.log: OK
evidence/hosted-x64-arm64-2026-07-28/github-run-30346942512/second-host-evidence-x64/dependencies.json: OK
evidence/hosted-x64-arm64-2026-07-28/github-run-30346942512/second-host-evidence-x64/durable-revocation.log: OK
evidence/hosted-x64-arm64-2026-07-28/github-run-30346942512/second-host-evidence-x64/environment.json: OK
evidence/hosted-x64-arm64-2026-07-28/github-run-30346942512/second-host-evidence-x64/policy-replay.log: OK
evidence/hosted-x64-arm64-2026-07-28/github-run-30346942512/second-host-evidence-x64/release-overlay.json: OK
evidence/hosted-x64-arm64-2026-07-28/github-run-30346942512/second-host-evidence-x64/result-sha256.txt: OK
evidence/hosted-x64-arm64-2026-07-28/github-run-30346942512/second-host-evidence-x64/semantic-contract.json: OK
evidence/hosted-x64-arm64-2026-07-28/github-run-30346942512/second-host-evidence-x64/typed-transfer.log: OK
evidence/hosted-x64-arm64-2026-07-28/github-run-30346942512/second-host-x64-arm64-comparison/comparison.json: OK
evidence/hosted-x64-arm64-2026-07-28/github-run-30347119924/SHA256SUMS-ALL: OK
evidence/hosted-x64-arm64-2026-07-28/github-run-30347119924/second-host-evidence-arm64/CLAIM-BOUNDARY.txt: OK
evidence/hosted-x64-arm64-2026-07-28/github-run-30347119924/second-host-evidence-arm64/EVIDENCE-SHA256SUMS: OK
evidence/hosted-x64-arm64-2026-07-28/github-run-30347119924/second-host-evidence-arm64/capsule-verification.json: OK
evidence/hosted-x64-arm64-2026-07-28/github-run-30347119924/second-host-evidence-arm64/composed-corpus.log: OK
evidence/hosted-x64-arm64-2026-07-28/github-run-30347119924/second-host-evidence-arm64/dependencies.json: OK
evidence/hosted-x64-arm64-2026-07-28/github-run-30347119924/second-host-evidence-arm64/durable-revocation.log: OK
evidence/hosted-x64-arm64-2026-07-28/github-run-30347119924/second-host-evidence-arm64/environment.json: OK
evidence/hosted-x64-arm64-2026-07-28/github-run-30347119924/second-host-evidence-arm64/policy-replay.log: OK
evidence/hosted-x64-arm64-2026-07-28/github-run-30347119924/second-host-evidence-arm64/release-overlay.json: OK
evidence/hosted-x64-arm64-2026-07-28/github-run-30347119924/second-host-evidence-arm64/result-sha256.txt: OK
evidence/hosted-x64-arm64-2026-07-28/github-run-30347119924/second-host-evidence-arm64/semantic-contract.json: OK
evidence/hosted-x64-arm64-2026-07-28/github-run-30347119924/second-host-evidence-arm64/typed-transfer.log: OK
evidence/hosted-x64-arm64-2026-07-28/github-run-30347119924/second-host-evidence-x64/CLAIM-BOUNDARY.txt: OK
evidence/hosted-x64-arm64-2026-07-28/github-run-30347119924/second-host-evidence-x64/EVIDENCE-SHA256SUMS: OK
evidence/hosted-x64-arm64-2026-07-28/github-run-30347119924/second-host-evidence-x64/capsule-verification.json: OK
evidence/hosted-x64-arm64-2026-07-28/github-run-30347119924/second-host-evidence-x64/composed-corpus.log: OK
evidence/hosted-x64-arm64-2026-07-28/github-run-30347119924/second-host-evidence-x64/dependencies.json: OK
evidence/hosted-x64-arm64-2026-07-28/github-run-30347119924/second-host-evidence-x64/durable-revocation.log: OK
evidence/hosted-x64-arm64-2026-07-28/github-run-30347119924/second-host-evidence-x64/environment.json: OK
evidence/hosted-x64-arm64-2026-07-28/github-run-30347119924/second-host-evidence-x64/policy-replay.log: OK
evidence/hosted-x64-arm64-2026-07-28/github-run-30347119924/second-host-evidence-x64/release-overlay.json: OK
evidence/hosted-x64-arm64-2026-07-28/github-run-30347119924/second-host-evidence-x64/result-sha256.txt: OK
evidence/hosted-x64-arm64-2026-07-28/github-run-30347119924/second-host-evidence-x64/semantic-contract.json: OK
evidence/hosted-x64-arm64-2026-07-28/github-run-30347119924/second-host-evidence-x64/typed-transfer.log: OK
evidence/hosted-x64-arm64-2026-07-28/github-run-30347119924/second-host-x64-arm64-comparison/comparison.json: OK
masters-thesis-radar/research-factory-v3-2026-07-25/labs/safe-metric-metamorphics/README.md: OK
masters-thesis-radar/research-factory-v3-2026-07-25/labs/safe-metric-metamorphics/build_corpus.py: OK
masters-thesis-radar/research-factory-v3-2026-07-25/labs/safe-metric-metamorphics/corpus.json: OK
masters-thesis-radar/research-factory-v3-2026-07-25/labs/safe-metric-metamorphics/reference_impl.py: OK
masters-thesis-radar/research-factory-v3-2026-07-25/labs/safe-metric-metamorphics/result-2026-07-25.md: OK
masters-thesis-radar/research-factory-v3-2026-07-25/labs/safe-metric-metamorphics/results/SHA256SUMS: OK
masters-thesis-radar/research-factory-v3-2026-07-25/labs/safe-metric-metamorphics/results/checks.jsonl: OK
masters-thesis-radar/research-factory-v3-2026-07-25/labs/safe-metric-metamorphics/results/measurement-fixtures.json: OK
masters-thesis-radar/research-factory-v3-2026-07-25/labs/safe-metric-metamorphics/results/overlap-result.json: OK
masters-thesis-radar/research-factory-v3-2026-07-25/labs/safe-metric-metamorphics/results/run-metadata.json: OK
masters-thesis-radar/research-factory-v3-2026-07-25/labs/safe-metric-metamorphics/results/summary.json: OK
masters-thesis-radar/research-factory-v3-2026-07-25/labs/safe-metric-metamorphics/results/topsis-result.json: OK
masters-thesis-radar/research-factory-v3-2026-07-25/labs/safe-metric-metamorphics/run.py: OK
masters-thesis-radar/research-factory-v3-2026-07-25/labs/safe-metric-metamorphics/run.sh: OK
masters-thesis-radar/research-factory-v3-2026-07-25/labs/safe-metric-metamorphics/vector_impl.py: OK
masters-thesis-radar/research-factory-v4-2026-07-27/README.md: OK
masters-thesis-radar/research-factory-v4-2026-07-27/evidence-class-upgrade-audit-2026-07-27.md: OK
masters-thesis-radar/research-factory-v4-2026-07-27/figures/README.md: OK
masters-thesis-radar/research-factory-v4-2026-07-27/figures/SHA256SUMS: OK
masters-thesis-radar/research-factory-v4-2026-07-27/figures/SHA256SUMS-r4: OK
masters-thesis-radar/research-factory-v4-2026-07-27/figures/SHA256SUMS-r5: OK
masters-thesis-radar/research-factory-v4-2026-07-27/figures/figA-composition-five-predicates.pdf: OK
masters-thesis-radar/research-factory-v4-2026-07-27/figures/figA-composition-five-predicates.png: OK
masters-thesis-radar/research-factory-v4-2026-07-27/figures/figA-composition-five-predicates.svg: OK
masters-thesis-radar/research-factory-v4-2026-07-27/figures/figB-policy-version-evidence-replay.pdf: OK
masters-thesis-radar/research-factory-v4-2026-07-27/figures/figB-policy-version-evidence-replay.png: OK
masters-thesis-radar/research-factory-v4-2026-07-27/figures/figB-policy-version-evidence-replay.svg: OK
masters-thesis-radar/research-factory-v4-2026-07-27/figures/figC-measurement-fixtures.pdf: OK
masters-thesis-radar/research-factory-v4-2026-07-27/figures/figC-measurement-fixtures.png: OK
masters-thesis-radar/research-factory-v4-2026-07-27/figures/figC-measurement-fixtures.svg: OK
masters-thesis-radar/research-factory-v4-2026-07-27/figures/figD-topsis-reference-sets.pdf: OK
masters-thesis-radar/research-factory-v4-2026-07-27/figures/figD-topsis-reference-sets.png: OK
masters-thesis-radar/research-factory-v4-2026-07-27/figures/figD-topsis-reference-sets.svg: OK
masters-thesis-radar/research-factory-v4-2026-07-27/figures/figE-cofailure-matrix.pdf: OK
masters-thesis-radar/research-factory-v4-2026-07-27/figures/figE-cofailure-matrix.png: OK
masters-thesis-radar/research-factory-v4-2026-07-27/figures/figE-cofailure-matrix.svg: OK
masters-thesis-radar/research-factory-v4-2026-07-27/figures/figF-stratified-false-allows.pdf: OK
masters-thesis-radar/research-factory-v4-2026-07-27/figures/figF-stratified-false-allows.png: OK
masters-thesis-radar/research-factory-v4-2026-07-27/figures/figF-stratified-false-allows.svg: OK
masters-thesis-radar/research-factory-v4-2026-07-27/figures/figG-cross-layer-denials.pdf: OK
masters-thesis-radar/research-factory-v4-2026-07-27/figures/figG-cross-layer-denials.png: OK
masters-thesis-radar/research-factory-v4-2026-07-27/figures/figG-cross-layer-denials.svg: OK
masters-thesis-radar/research-factory-v4-2026-07-27/figures/figH-revocation-races.pdf: OK
masters-thesis-radar/research-factory-v4-2026-07-27/figures/figH-revocation-races.png: OK
masters-thesis-radar/research-factory-v4-2026-07-27/figures/figH-revocation-races.svg: OK
masters-thesis-radar/research-factory-v4-2026-07-27/figures/figI-live-revocation-service.pdf: OK
masters-thesis-radar/research-factory-v4-2026-07-27/figures/figI-live-revocation-service.png: OK
masters-thesis-radar/research-factory-v4-2026-07-27/figures/figI-live-revocation-service.svg: OK
masters-thesis-radar/research-factory-v4-2026-07-27/figures/figJ-typed-state-transfer.pdf: OK
masters-thesis-radar/research-factory-v4-2026-07-27/figures/figJ-typed-state-transfer.png: OK
masters-thesis-radar/research-factory-v4-2026-07-27/figures/figJ-typed-state-transfer.svg: OK
masters-thesis-radar/research-factory-v4-2026-07-27/figures/figK-partial-binding-ablation.pdf: OK
masters-thesis-radar/research-factory-v4-2026-07-27/figures/figK-partial-binding-ablation.png: OK
masters-thesis-radar/research-factory-v4-2026-07-27/figures/figK-partial-binding-ablation.svg: OK
masters-thesis-radar/research-factory-v4-2026-07-27/figures/figL-evidence-class-upgrades.pdf: OK
masters-thesis-radar/research-factory-v4-2026-07-27/figures/figL-evidence-class-upgrades.png: OK
masters-thesis-radar/research-factory-v4-2026-07-27/figures/figL-evidence-class-upgrades.svg: OK
masters-thesis-radar/research-factory-v4-2026-07-27/figures/figM-containerized-revocation-boundaries.pdf: OK
masters-thesis-radar/research-factory-v4-2026-07-27/figures/figM-containerized-revocation-boundaries.png: OK
masters-thesis-radar/research-factory-v4-2026-07-27/figures/figM-containerized-revocation-boundaries.svg: OK
masters-thesis-radar/research-factory-v4-2026-07-27/figures/make_container_topology_figure.py: OK
masters-thesis-radar/research-factory-v4-2026-07-27/figures/make_evidence_upgrade_figure.py: OK
masters-thesis-radar/research-factory-v4-2026-07-27/figures/make_r1_figures.py: OK
masters-thesis-radar/research-factory-v4-2026-07-27/figures/make_r4_figures.py: OK
masters-thesis-radar/research-factory-v4-2026-07-27/figures/make_r5_figures.py: OK
masters-thesis-radar/research-factory-v4-2026-07-27/five-of-five-closure-matrix-2026-07-28.md: OK
masters-thesis-radar/research-factory-v4-2026-07-27/intellectual-neighbours-r4-2026-07-27.md: OK
masters-thesis-radar/research-factory-v4-2026-07-27/labs/composed-transaction-corpus/README.md: OK
masters-thesis-radar/research-factory-v4-2026-07-27/labs/composed-transaction-corpus/build_corpus.py: OK
masters-thesis-radar/research-factory-v4-2026-07-27/labs/composed-transaction-corpus/composition_rule.py: OK
masters-thesis-radar/research-factory-v4-2026-07-27/labs/composed-transaction-corpus/corpus.json: OK
masters-thesis-radar/research-factory-v4-2026-07-27/labs/composed-transaction-corpus/oracle.sql: OK
masters-thesis-radar/research-factory-v4-2026-07-27/labs/composed-transaction-corpus/result-2026-07-25.md: OK
masters-thesis-radar/research-factory-v4-2026-07-27/labs/composed-transaction-corpus/result-2026-07-27-v3.md: OK
masters-thesis-radar/research-factory-v4-2026-07-27/labs/composed-transaction-corpus/result-2026-07-27.md: OK
masters-thesis-radar/research-factory-v4-2026-07-27/labs/composed-transaction-corpus/results-sql-oracle/SHA256SUMS: OK
masters-thesis-radar/research-factory-v4-2026-07-27/labs/composed-transaction-corpus/results-sql-oracle/summary.json: OK
masters-thesis-radar/research-factory-v4-2026-07-27/labs/composed-transaction-corpus/results-sql-oracle/verdicts.jsonl: OK
masters-thesis-radar/research-factory-v4-2026-07-27/labs/composed-transaction-corpus/results/SHA256SUMS: OK
masters-thesis-radar/research-factory-v4-2026-07-27/labs/composed-transaction-corpus/results/run-metadata.json: OK
masters-thesis-radar/research-factory-v4-2026-07-27/labs/composed-transaction-corpus/results/summary.json: OK
masters-thesis-radar/research-factory-v4-2026-07-27/labs/composed-transaction-corpus/results/verdicts.jsonl: OK
masters-thesis-radar/research-factory-v4-2026-07-27/labs/composed-transaction-corpus/run.sh: OK
masters-thesis-radar/research-factory-v4-2026-07-27/labs/composed-transaction-corpus/run_sql_oracle.py: OK
masters-thesis-radar/research-factory-v4-2026-07-27/labs/composed-transaction-corpus/state-fixtures.json: OK
masters-thesis-radar/research-factory-v4-2026-07-27/labs/composed-transaction-corpus/state_adapter.py: OK
masters-thesis-radar/research-factory-v4-2026-07-27/labs/composed-transaction-corpus/test_cross_layer_binding.py: OK
masters-thesis-radar/research-factory-v4-2026-07-27/labs/composed-transaction-corpus/test_state_adapter.py: OK
masters-thesis-radar/research-factory-v4-2026-07-27/labs/composed-transaction-corpus/verify_transactions.py: OK
masters-thesis-radar/research-factory-v4-2026-07-27/labs/containerized-durable-revocation/README.md: OK
masters-thesis-radar/research-factory-v4-2026-07-27/labs/containerized-durable-revocation/SHA256SUMS: OK
masters-thesis-radar/research-factory-v4-2026-07-27/labs/containerized-durable-revocation/SUMMARY.md: OK
masters-thesis-radar/research-factory-v4-2026-07-27/labs/containerized-durable-revocation/compose.yaml: OK
masters-thesis-radar/research-factory-v4-2026-07-27/labs/containerized-durable-revocation/container_service.py: OK
masters-thesis-radar/research-factory-v4-2026-07-27/labs/containerized-durable-revocation/fault_proxy.py: OK
masters-thesis-radar/research-factory-v4-2026-07-27/labs/containerized-durable-revocation/freeze_run.py: OK
masters-thesis-radar/research-factory-v4-2026-07-27/labs/containerized-durable-revocation/results/compose-config.yaml: OK
masters-thesis-radar/research-factory-v4-2026-07-27/labs/containerized-durable-revocation/results/compose-images.txt: OK
masters-thesis-radar/research-factory-v4-2026-07-27/labs/containerized-durable-revocation/results/results.json: OK
masters-thesis-radar/research-factory-v4-2026-07-27/labs/containerized-durable-revocation/run.sh: OK
masters-thesis-radar/research-factory-v4-2026-07-27/labs/containerized-durable-revocation/run_matrix.py: OK
masters-thesis-radar/research-factory-v4-2026-07-27/labs/containerized-durable-revocation/verify_saved_results.py: OK
masters-thesis-radar/research-factory-v4-2026-07-27/labs/cross-ecosystem-typed-transfer/NOTICE.source: OK
masters-thesis-radar/research-factory-v4-2026-07-27/labs/cross-ecosystem-typed-transfer/README.md: OK
masters-thesis-radar/research-factory-v4-2026-07-27/labs/cross-ecosystem-typed-transfer/SHA256SUMS: OK
masters-thesis-radar/research-factory-v4-2026-07-27/labs/cross-ecosystem-typed-transfer/SUMMARY.md: OK
masters-thesis-radar/research-factory-v4-2026-07-27/labs/cross-ecosystem-typed-transfer/build_transfer.py: OK
masters-thesis-radar/research-factory-v4-2026-07-27/labs/cross-ecosystem-typed-transfer/crosswalk.json: OK
masters-thesis-radar/research-factory-v4-2026-07-27/labs/cross-ecosystem-typed-transfer/independent-sql-results.json: OK
masters-thesis-radar/research-factory-v4-2026-07-27/labs/cross-ecosystem-typed-transfer/results.json: OK
masters-thesis-radar/research-factory-v4-2026-07-27/labs/cross-ecosystem-typed-transfer/source-eatf-results.json: OK
masters-thesis-radar/research-factory-v4-2026-07-27/labs/cross-ecosystem-typed-transfer/source-transaction-gates.json: OK
masters-thesis-radar/research-factory-v4-2026-07-27/labs/cross-ecosystem-typed-transfer/verify_crosswalk_sql.py: OK
masters-thesis-radar/research-factory-v4-2026-07-27/labs/distributed-revocation-service/README.md: OK
masters-thesis-radar/research-factory-v4-2026-07-27/labs/distributed-revocation-service/SUMMARY.md: OK
masters-thesis-radar/research-factory-v4-2026-07-27/labs/distributed-revocation-service/results.json: OK
masters-thesis-radar/research-factory-v4-2026-07-27/labs/distributed-revocation-service/run.sh: OK
masters-thesis-radar/research-factory-v4-2026-07-27/labs/distributed-revocation-service/run_experiment.py: OK
masters-thesis-radar/research-factory-v4-2026-07-27/labs/distributed-revocation-service/services.py: OK
masters-thesis-radar/research-factory-v4-2026-07-27/labs/distributed-revocation-service/verify_saved_results.py: OK
masters-thesis-radar/research-factory-v4-2026-07-27/labs/formal-composition-modelcheck/CompositionModelCheck.java: OK
masters-thesis-radar/research-factory-v4-2026-07-27/labs/formal-composition-modelcheck/README.md: OK
masters-thesis-radar/research-factory-v4-2026-07-27/labs/formal-composition-modelcheck/SHA256SUMS: OK
masters-thesis-radar/research-factory-v4-2026-07-27/labs/formal-composition-modelcheck/results.json: OK
masters-thesis-radar/research-factory-v4-2026-07-27/labs/formal-composition-modelcheck/run.sh: OK
masters-thesis-radar/research-factory-v4-2026-07-27/labs/live-revocation-service/README.md: OK
masters-thesis-radar/research-factory-v4-2026-07-27/labs/live-revocation-service/SHA256SUMS: OK
masters-thesis-radar/research-factory-v4-2026-07-27/labs/live-revocation-service/SUMMARY.md: OK
masters-thesis-radar/research-factory-v4-2026-07-27/labs/live-revocation-service/results.json: OK
masters-thesis-radar/research-factory-v4-2026-07-27/labs/live-revocation-service/run_live_races.py: OK
masters-thesis-radar/research-factory-v4-2026-07-27/labs/live-revocation-service/verify_saved_results.py: OK
masters-thesis-radar/research-factory-v4-2026-07-27/labs/native-runtime-attestation/LICENSE.source: OK
masters-thesis-radar/research-factory-v4-2026-07-27/labs/native-runtime-attestation/README.md: OK
masters-thesis-radar/research-factory-v4-2026-07-27/labs/native-runtime-attestation/SHA256SUMS: OK
masters-thesis-radar/research-factory-v4-2026-07-27/labs/native-runtime-attestation/SUMMARY.md: OK
masters-thesis-radar/research-factory-v4-2026-07-27/labs/native-runtime-attestation/cases.json: OK
masters-thesis-radar/research-factory-v4-2026-07-27/labs/native-runtime-attestation/frozen-vector.json: OK
masters-thesis-radar/research-factory-v4-2026-07-27/labs/native-runtime-attestation/results.json: OK
masters-thesis-radar/research-factory-v4-2026-07-27/labs/native-runtime-attestation/verify_runtime_attestation.py: OK
masters-thesis-radar/research-factory-v4-2026-07-27/labs/native-state-transaction-overlay/README.md: OK
masters-thesis-radar/research-factory-v4-2026-07-27/labs/native-state-transaction-overlay/SUMMARY.md: OK
masters-thesis-radar/research-factory-v4-2026-07-27/labs/native-state-transaction-overlay/appraisal-policy.json: OK
masters-thesis-radar/research-factory-v4-2026-07-27/labs/native-state-transaction-overlay/generate_vectors.py: OK
masters-thesis-radar/research-factory-v4-2026-07-27/labs/native-state-transaction-overlay/independent-java/IndependentVerifier.java: OK
masters-thesis-radar/research-factory-v4-2026-07-27/labs/native-state-transaction-overlay/independent-java/README.md: OK
masters-thesis-radar/research-factory-v4-2026-07-27/labs/native-state-transaction-overlay/independent-java/results/assertions.json: OK
masters-thesis-radar/research-factory-v4-2026-07-27/labs/native-state-transaction-overlay/independent-java/results/mutation-verdicts.jsonl: OK
masters-thesis-radar/research-factory-v4-2026-07-27/labs/native-state-transaction-overlay/independent-java/results/run-metadata.json: OK
masters-thesis-radar/research-factory-v4-2026-07-27/labs/native-state-transaction-overlay/independent-java/results/summary.json: OK
masters-thesis-radar/research-factory-v4-2026-07-27/labs/native-state-transaction-overlay/independent-java/results/verdicts.jsonl: OK
masters-thesis-radar/research-factory-v4-2026-07-27/labs/native-state-transaction-overlay/independent-java/run.sh: OK
masters-thesis-radar/research-factory-v4-2026-07-27/labs/native-state-transaction-overlay/native-state-overlay.json: OK
masters-thesis-radar/research-factory-v4-2026-07-27/labs/native-state-transaction-overlay/native_state_adapter.py: OK
masters-thesis-radar/research-factory-v4-2026-07-27/labs/native-state-transaction-overlay/results/composed-verdicts.jsonl: OK
masters-thesis-radar/research-factory-v4-2026-07-27/labs/native-state-transaction-overlay/results/mutation-verdicts.jsonl: OK
masters-thesis-radar/research-factory-v4-2026-07-27/labs/native-state-transaction-overlay/results/summary.json: OK
masters-thesis-radar/research-factory-v4-2026-07-27/labs/native-state-transaction-overlay/results/verdicts.jsonl: OK
masters-thesis-radar/research-factory-v4-2026-07-27/labs/native-state-transaction-overlay/run.sh: OK
masters-thesis-radar/research-factory-v4-2026-07-27/labs/native-state-transaction-overlay/verify_overlay.py: OK
masters-thesis-radar/research-factory-v4-2026-07-27/labs/policy-version-evidence-replay/README.md: OK
masters-thesis-radar/research-factory-v4-2026-07-27/labs/policy-version-evidence-replay/build_corpus.py: OK
masters-thesis-radar/research-factory-v4-2026-07-27/labs/policy-version-evidence-replay/corpus.json: OK
masters-thesis-radar/research-factory-v4-2026-07-27/labs/policy-version-evidence-replay/oracle.sql: OK
masters-thesis-radar/research-factory-v4-2026-07-27/labs/policy-version-evidence-replay/result-2026-07-25.md: OK
masters-thesis-radar/research-factory-v4-2026-07-27/labs/policy-version-evidence-replay/results-sql-oracle/SHA256SUMS: OK
masters-thesis-radar/research-factory-v4-2026-07-27/labs/policy-version-evidence-replay/results-sql-oracle/summary.json: OK
masters-thesis-radar/research-factory-v4-2026-07-27/labs/policy-version-evidence-replay/results-sql-oracle/verdicts.jsonl: OK
masters-thesis-radar/research-factory-v4-2026-07-27/labs/policy-version-evidence-replay/results/SHA256SUMS: OK
masters-thesis-radar/research-factory-v4-2026-07-27/labs/policy-version-evidence-replay/results/run-metadata.json: OK
masters-thesis-radar/research-factory-v4-2026-07-27/labs/policy-version-evidence-replay/results/summary.json: OK
masters-thesis-radar/research-factory-v4-2026-07-27/labs/policy-version-evidence-replay/results/verdicts.jsonl: OK
masters-thesis-radar/research-factory-v4-2026-07-27/labs/policy-version-evidence-replay/run.py: OK
masters-thesis-radar/research-factory-v4-2026-07-27/labs/policy-version-evidence-replay/run.sh: OK
masters-thesis-radar/research-factory-v4-2026-07-27/labs/policy-version-evidence-replay/run_sql_oracle.py: OK
masters-thesis-radar/research-factory-v4-2026-07-27/labs/prospective-revocation-races/README.md: OK
masters-thesis-radar/research-factory-v4-2026-07-27/labs/prospective-revocation-races/SHA256SUMS: OK
masters-thesis-radar/research-factory-v4-2026-07-27/labs/prospective-revocation-races/build_corpus.py: OK
masters-thesis-radar/research-factory-v4-2026-07-27/labs/prospective-revocation-races/compare.py: OK
masters-thesis-radar/research-factory-v4-2026-07-27/labs/prospective-revocation-races/corpus.json: OK
masters-thesis-radar/research-factory-v4-2026-07-27/labs/prospective-revocation-races/js-results.json: OK
masters-thesis-radar/research-factory-v4-2026-07-27/labs/prospective-revocation-races/python-results.json: OK
masters-thesis-radar/research-factory-v4-2026-07-27/labs/prospective-revocation-races/result-2026-07-27.md: OK
masters-thesis-radar/research-factory-v4-2026-07-27/labs/prospective-revocation-races/run.mjs: OK
masters-thesis-radar/research-factory-v4-2026-07-27/labs/prospective-revocation-races/run.py: OK
masters-thesis-radar/research-factory-v4-2026-07-27/labs/prospective-revocation-races/run.sh: OK
masters-thesis-radar/research-factory-v4-2026-07-27/labs/prospective-revocation-races/summary.json: OK
masters-thesis-radar/research-factory-v4-2026-07-27/labs/protocol-valid-unauthorized/README.md: OK
masters-thesis-radar/research-factory-v4-2026-07-27/labs/protocol-valid-unauthorized/adapters/boundary-seal-cases.json: OK
masters-thesis-radar/research-factory-v4-2026-07-27/labs/protocol-valid-unauthorized/adapters/boundary_seal_adapter.py: OK
masters-thesis-radar/research-factory-v4-2026-07-27/labs/protocol-valid-unauthorized/corpus.json: OK
masters-thesis-radar/research-factory-v4-2026-07-27/labs/protocol-valid-unauthorized/delegation-paths-result-2026-07-25.md: OK
masters-thesis-radar/research-factory-v4-2026-07-27/labs/protocol-valid-unauthorized/delegation-paths.json: OK
masters-thesis-radar/research-factory-v4-2026-07-27/labs/protocol-valid-unauthorized/oracle_delegation_paths.sql: OK
masters-thesis-radar/research-factory-v4-2026-07-27/labs/protocol-valid-unauthorized/result-2026-07-25.md: OK
masters-thesis-radar/research-factory-v4-2026-07-27/labs/protocol-valid-unauthorized/results-boundary-adapter/SHA256SUMS: OK
masters-thesis-radar/research-factory-v4-2026-07-27/labs/protocol-valid-unauthorized/results-boundary-adapter/summary.json: OK
masters-thesis-radar/research-factory-v4-2026-07-27/labs/protocol-valid-unauthorized/results-boundary-adapter/verdicts.jsonl: OK
masters-thesis-radar/research-factory-v4-2026-07-27/labs/protocol-valid-unauthorized/results-delegation-paths/SHA256SUMS: OK
masters-thesis-radar/research-factory-v4-2026-07-27/labs/protocol-valid-unauthorized/results-delegation-paths/expanded-cases.json: OK
masters-thesis-radar/research-factory-v4-2026-07-27/labs/protocol-valid-unauthorized/results-delegation-paths/summary.json: OK
masters-thesis-radar/research-factory-v4-2026-07-27/labs/protocol-valid-unauthorized/results-delegation-paths/verdicts.jsonl: OK
masters-thesis-radar/research-factory-v4-2026-07-27/labs/protocol-valid-unauthorized/results-sql-oracle/SHA256SUMS: OK
masters-thesis-radar/research-factory-v4-2026-07-27/labs/protocol-valid-unauthorized/results-sql-oracle/summary.json: OK
masters-thesis-radar/research-factory-v4-2026-07-27/labs/protocol-valid-unauthorized/results-sql-oracle/verdicts.jsonl: OK
masters-thesis-radar/research-factory-v4-2026-07-27/labs/protocol-valid-unauthorized/results/SHA256SUMS: OK
masters-thesis-radar/research-factory-v4-2026-07-27/labs/protocol-valid-unauthorized/results/summary.json: OK
masters-thesis-radar/research-factory-v4-2026-07-27/labs/protocol-valid-unauthorized/results/verdicts.jsonl: OK
masters-thesis-radar/research-factory-v4-2026-07-27/labs/protocol-valid-unauthorized/run_sql_oracle.py: OK
masters-thesis-radar/research-factory-v4-2026-07-27/labs/protocol-valid-unauthorized/verify_corpus.py: OK
masters-thesis-radar/research-factory-v4-2026-07-27/labs/protocol-valid-unauthorized/verify_delegation_paths.py: OK
masters-thesis-radar/research-factory-v4-2026-07-27/make_manifest.py: OK
masters-thesis-radar/research-factory-v4-2026-07-27/release-capsule-r5-2026-07-28.md: OK
masters-thesis-radar/research-factory-v4-2026-07-27/repro/CONTAINER-REPRODUCTION-2026-07-27.md: OK
masters-thesis-radar/research-factory-v4-2026-07-27/repro/Dockerfile: OK
masters-thesis-radar/research-factory-v4-2026-07-27/repro/Dockerfile.numpy-probe: OK
masters-thesis-radar/research-factory-v4-2026-07-27/repro/EVIDENCE-UPGRADE-CONTAINER-RUN-2026-07-27.log: OK
masters-thesis-radar/research-factory-v4-2026-07-27/repro/build_portable_source_capsule.py: OK
masters-thesis-radar/research-factory-v4-2026-07-27/repro/collect-wheels.py: OK
masters-thesis-radar/research-factory-v4-2026-07-27/repro/container-entry.sh: OK
masters-thesis-radar/research-factory-v4-2026-07-27/repro/evidence-upgrade-container-entry.sh: OK
masters-thesis-radar/research-factory-v4-2026-07-27/repro/numpy-sensitivity-probe.sh: OK
masters-thesis-radar/research-factory-v4-2026-07-27/repro/probe-entry.sh: OK
masters-thesis-radar/research-factory-v4-2026-07-27/repro/requirements.txt: OK
masters-thesis-radar/research-factory-v4-2026-07-27/repro/run-evidence-upgrades-in-container.sh: OK
masters-thesis-radar/research-factory-v4-2026-07-27/repro/run-in-container.sh: OK
masters-thesis-radar/research-factory-v4-2026-07-27/repro/run_clean_capsule_replay.py: OK
masters-thesis-radar/research-factory-v4-2026-07-27/repro/verify_portable_source_capsule.py: OK
preprint/JAIR-R6-BUILD-AUDIT.md: OK
preprint/READINESS-AND-FIVE-OF-FIVE-2026-07-28.md: OK
preprint/RELEASE-AND-HOSTILE-REPLAY-SEQUENCE.md: OK
preprint/preprint-03-valid-artifacts-accountable-decisions-r6-2026-07-28.md: OK
preprint/preprint-03-valid-artifacts-accountable-decisions-r6-2026-07-28.pdf: OK
preprint/zenodo-metadata-1.0.0-rc.json: OK
release-tools/hardware-tpm-companion-2026-07-28/README.md: OK
release-tools/hardware-tpm-companion-2026-07-28/hardware-run-manifest.schema.json: OK
release-tools/hardware-tpm-companion-2026-07-28/hardware_tpm_companion.py: OK
release-tools/hardware-tpm-companion-2026-07-28/mutation-plan.json: OK
release-tools/hardware-tpm-companion-2026-07-28/preflight/SHA256SUMS: OK
release-tools/hardware-tpm-companion-2026-07-28/preflight/preflight-report.json: OK
release-tools/hardware-tpm-companion-2026-07-28/run.sh: OK
scripts/assert_public_semantics.py: OK
scripts/collect_public_environment.py: OK
scripts/compare_public_semantics.py: OK
scripts/run_public_tree_on_runner.sh: OK
