wrote=/home/runner/work/subject-bound-evidence-composition-artifact/subject-bound-evidence-composition-artifact/masters-thesis-radar/research-factory-v4-2026-07-27/labs/policy-version-evidence-replay/corpus.json
vectors=16
corpus_sha256=8d1925bfe0459dc9f42e554cf63d01adbe801b6c628ff61908bde5f9d9dd45da
{
  "baseline_expected_matches": {
    "fail_open": 10,
    "presence_only": 11
  },
  "baseline_false_allows": {
    "fail_open": 6,
    "presence_only": 5
  },
  "corpus_sha256": "8d1925bfe0459dc9f42e554cf63d01adbe801b6c628ff61908bde5f9d9dd45da",
  "disclaimers": [
    "All expected labels are author-written programme-internal expectations; agreement measures reproduction of those expectations, not external ground truth.",
    "False-allow counts are counts on a designed corpus; they are not rates and do not estimate prevalence in any deployed system.",
    "Structural appraisal of signed test objects is not cryptographic attestation of any runtime.",
    "The SQL oracle in results-sql-oracle recomposes layer results produced by this evaluator; it is a second composition code path, not independent validation."
  ],
  "evidence_result_counts": {
    "PASS": 8,
    "REPLAY": 4,
    "TAMPERED": 4
  },
  "families": {
    "factorial_4x3": 12,
    "gate_isolation": 4
  },
  "gate_isolation_ids": [
    "PSR_version_only_good",
    "PSR_freshness_only_good",
    "PSR_digest_only_good",
    "PSR_policy_sig_invalid_good"
  ],
  "policy_result_counts": {
    "INVALID_SIGNATURE": 1,
    "MISSING": 3,
    "PASS": 3,
    "STALE": 5,
    "SUBSTITUTED": 4
  },
  "profile": "tyche-policy-version-evidence-replay-v2",
  "runner_sha256": "d751a2a32f3480424981de768271cbf9ed3d6ad1b18d87d974ac1b488e97c11a",
  "strict_allows": 1,
  "strict_denies": 15,
  "strict_expected_matches": 16,
  "vectors": 16
}
{
  "disclaimers": [
    "This oracle recomposes per-layer typed results already produced by the Python evaluator; agreement validates only the conjunction and the first-rejecting-gate labelling, not signatures, layer semantics, or the author-written expected labels. It is NOT independent validation.",
    "All expected labels in the source corpus are author-written."
  ],
  "implementation_matches": 16,
  "oracle_gate_counts": {
    "evidence.integrity": 1,
    "evidence.replay": 1,
    "policy.missing": 3,
    "policy.signature": 1,
    "policy.stale": 5,
    "policy.substituted": 4,
    "verified": 1
  },
  "profile": "tyche-policy-version-evidence-replay-sql-oracle-v2",
  "runner_sha256": "5837cddcd7d88c3bb7f4757446b7753ef990f9a99a2cc11c936a8f8b681b44c3",
  "source_verdicts_sha256": "cfc8bcdf6645f3fa6877333f9ff1814d664a4a4517e46612b53092adbe22210b",
  "sql_sha256": "615be3a47c0c995e995c2be6a87edb6b34661b76abaad50603568a4b8db99887",
  "vectors": 16
}
verdicts.jsonl: OK
summary.json: OK
run-metadata.json: OK
../corpus.json: OK
../run.py: OK
../build_corpus.py: OK
verdicts.jsonl: OK
summary.json: OK
../results/verdicts.jsonl: OK
../oracle.sql: OK
../run_sql_oracle.py: OK
